Archive member included to satisfy reference by file (symbol)

c:/program files (x86)/atmel/studio/7.0/toolchain/avr8/avr8-gnu-toolchain/bin/../lib/gcc/avr/5.4.0/../../../../avr/lib/avr5\libm.a(divsf3.o)
                              Include/MCAL/timer/timer.o (__divsf3)
c:/program files (x86)/atmel/studio/7.0/toolchain/avr8/avr8-gnu-toolchain/bin/../lib/gcc/avr/5.4.0/../../../../avr/lib/avr5\libm.a(divsf3x.o)
                              c:/program files (x86)/atmel/studio/7.0/toolchain/avr8/avr8-gnu-toolchain/bin/../lib/gcc/avr/5.4.0/../../../../avr/lib/avr5\libm.a(divsf3.o) (__divsf3x)
c:/program files (x86)/atmel/studio/7.0/toolchain/avr8/avr8-gnu-toolchain/bin/../lib/gcc/avr/5.4.0/../../../../avr/lib/avr5\libm.a(fixunssfsi.o)
                              Include/MCAL/timer/timer.o (__fixunssfsi)
c:/program files (x86)/atmel/studio/7.0/toolchain/avr8/avr8-gnu-toolchain/bin/../lib/gcc/avr/5.4.0/../../../../avr/lib/avr5\libm.a(floatsisf.o)
                              Include/MCAL/timer/timer.o (__floatunsisf)
c:/program files (x86)/atmel/studio/7.0/toolchain/avr8/avr8-gnu-toolchain/bin/../lib/gcc/avr/5.4.0/../../../../avr/lib/avr5\libm.a(fp_inf.o)
                              c:/program files (x86)/atmel/studio/7.0/toolchain/avr8/avr8-gnu-toolchain/bin/../lib/gcc/avr/5.4.0/../../../../avr/lib/avr5\libm.a(divsf3x.o) (__fp_inf)
c:/program files (x86)/atmel/studio/7.0/toolchain/avr8/avr8-gnu-toolchain/bin/../lib/gcc/avr/5.4.0/../../../../avr/lib/avr5\libm.a(fp_nan.o)
                              c:/program files (x86)/atmel/studio/7.0/toolchain/avr8/avr8-gnu-toolchain/bin/../lib/gcc/avr/5.4.0/../../../../avr/lib/avr5\libm.a(divsf3x.o) (__fp_nan)
c:/program files (x86)/atmel/studio/7.0/toolchain/avr8/avr8-gnu-toolchain/bin/../lib/gcc/avr/5.4.0/../../../../avr/lib/avr5\libm.a(fp_pscA.o)
                              c:/program files (x86)/atmel/studio/7.0/toolchain/avr8/avr8-gnu-toolchain/bin/../lib/gcc/avr/5.4.0/../../../../avr/lib/avr5\libm.a(divsf3x.o) (__fp_pscA)
c:/program files (x86)/atmel/studio/7.0/toolchain/avr8/avr8-gnu-toolchain/bin/../lib/gcc/avr/5.4.0/../../../../avr/lib/avr5\libm.a(fp_pscB.o)
                              c:/program files (x86)/atmel/studio/7.0/toolchain/avr8/avr8-gnu-toolchain/bin/../lib/gcc/avr/5.4.0/../../../../avr/lib/avr5\libm.a(divsf3x.o) (__fp_pscB)
c:/program files (x86)/atmel/studio/7.0/toolchain/avr8/avr8-gnu-toolchain/bin/../lib/gcc/avr/5.4.0/../../../../avr/lib/avr5\libm.a(fp_round.o)
                              c:/program files (x86)/atmel/studio/7.0/toolchain/avr8/avr8-gnu-toolchain/bin/../lib/gcc/avr/5.4.0/../../../../avr/lib/avr5\libm.a(divsf3.o) (__fp_round)
c:/program files (x86)/atmel/studio/7.0/toolchain/avr8/avr8-gnu-toolchain/bin/../lib/gcc/avr/5.4.0/../../../../avr/lib/avr5\libm.a(fp_split3.o)
                              c:/program files (x86)/atmel/studio/7.0/toolchain/avr8/avr8-gnu-toolchain/bin/../lib/gcc/avr/5.4.0/../../../../avr/lib/avr5\libm.a(divsf3x.o) (__fp_split3)
c:/program files (x86)/atmel/studio/7.0/toolchain/avr8/avr8-gnu-toolchain/bin/../lib/gcc/avr/5.4.0/../../../../avr/lib/avr5\libm.a(fp_zero.o)
                              c:/program files (x86)/atmel/studio/7.0/toolchain/avr8/avr8-gnu-toolchain/bin/../lib/gcc/avr/5.4.0/../../../../avr/lib/avr5\libm.a(fixunssfsi.o) (__fp_zero)
c:/program files (x86)/atmel/studio/7.0/toolchain/avr8/avr8-gnu-toolchain/bin/../lib/gcc/avr/5.4.0/../../../../avr/lib/avr5\libm.a(mulsf3.o)
                              Include/MCAL/timer/timer.o (__mulsf3)
c:/program files (x86)/atmel/studio/7.0/toolchain/avr8/avr8-gnu-toolchain/bin/../lib/gcc/avr/5.4.0/../../../../avr/lib/avr5\libm.a(mulsf3x.o)
                              c:/program files (x86)/atmel/studio/7.0/toolchain/avr8/avr8-gnu-toolchain/bin/../lib/gcc/avr/5.4.0/../../../../avr/lib/avr5\libm.a(mulsf3.o) (__mulsf3x)
c:/program files (x86)/atmel/studio/7.0/toolchain/avr8/avr8-gnu-toolchain/bin/../lib/gcc/avr/5.4.0/avr5\libgcc.a(_exit.o)
                              C:/Program Files (x86)/Atmel/Studio/7.0/Packs/atmel/ATmega_DFP/1.7.374/gcc/dev/atmega32/avr5/crtatmega32.o (exit)
c:/program files (x86)/atmel/studio/7.0/toolchain/avr8/avr8-gnu-toolchain/bin/../lib/gcc/avr/5.4.0/avr5\libgcc.a(_copy_data.o)
                              Include/APP/app.o (__do_copy_data)
c:/program files (x86)/atmel/studio/7.0/toolchain/avr8/avr8-gnu-toolchain/bin/../lib/gcc/avr/5.4.0/avr5\libgcc.a(_clear_bss.o)
                              Include/APP/app.o (__do_clear_bss)

Allocating common symbols
Common symbol       size              file

st_g_currentLed     0x2               Include/APP/app.o

Discarded input sections

 .data          0x00000000        0x0 C:/Program Files (x86)/Atmel/Studio/7.0/Packs/atmel/ATmega_DFP/1.7.374/gcc/dev/atmega32/avr5/crtatmega32.o
 .bss           0x00000000        0x0 C:/Program Files (x86)/Atmel/Studio/7.0/Packs/atmel/ATmega_DFP/1.7.374/gcc/dev/atmega32/avr5/crtatmega32.o
 .text          0x00000000        0x0 Include/APP/app.o
 .data          0x00000000        0x0 Include/APP/app.o
 .bss           0x00000000        0x0 Include/APP/app.o
 .data.st_g_stopButton
                0x00000000        0x2 Include/APP/app.o
 .data.st_g_startButton
                0x00000000        0x2 Include/APP/app.o
 .text          0x00000000        0x0 Include/HAL/button/button.o
 .data          0x00000000        0x0 Include/HAL/button/button.o
 .bss           0x00000000        0x0 Include/HAL/button/button.o
 .text.BUTTON_init
                0x00000000       0x50 Include/HAL/button/button.o
 .text.BUTTON_getValue
                0x00000000       0x44 Include/HAL/button/button.o
 .text.BUTTON_connectIPU
                0x00000000       0x56 Include/HAL/button/button.o
 .debug_info    0x00000000      0x33d Include/HAL/button/button.o
 .debug_abbrev  0x00000000      0x137 Include/HAL/button/button.o
 .debug_loc     0x00000000      0x30d Include/HAL/button/button.o
 .debug_aranges
                0x00000000       0x30 Include/HAL/button/button.o
 .debug_ranges  0x00000000       0x20 Include/HAL/button/button.o
 .debug_line    0x00000000      0x17a Include/HAL/button/button.o
 .debug_str     0x00000000      0x333 Include/HAL/button/button.o
 .comment       0x00000000       0x31 Include/HAL/button/button.o
 .debug_frame   0x00000000       0x74 Include/HAL/button/button.o
 .text          0x00000000        0x0 Include/HAL/led/led.o
 .data          0x00000000        0x0 Include/HAL/led/led.o
 .bss           0x00000000        0x0 Include/HAL/led/led.o
 .text.LED_toggle
                0x00000000       0x6e Include/HAL/led/led.o
 .text          0x00000000        0x0 Include/HAL/motor_driver/motor.o
 .data          0x00000000        0x0 Include/HAL/motor_driver/motor.o
 .bss           0x00000000        0x0 Include/HAL/motor_driver/motor.o
 .text.MOTOR_rightMotorBackwardDirection
                0x00000000       0x18 Include/HAL/motor_driver/motor.o
 .text          0x00000000        0x0 Include/MCAL/dio/dio.o
 .data          0x00000000        0x0 Include/MCAL/dio/dio.o
 .bss           0x00000000        0x0 Include/MCAL/dio/dio.o
 .text.DIO_getPinDirection
                0x00000000       0xb2 Include/MCAL/dio/dio.o
 .text.DIO_getPinStatus
                0x00000000       0xb2 Include/MCAL/dio/dio.o
 .text.DIO_togglePinStatus
                0x00000000       0x50 Include/MCAL/dio/dio.o
 .text.DIO_setPinPullupResistor
                0x00000000      0x11c Include/MCAL/dio/dio.o
 .text.DIO_disablePinPullupResistor
                0x00000000      0x126 Include/MCAL/dio/dio.o
 .text.DIO_lockPin
                0x00000000       0x1c Include/MCAL/dio/dio.o
 .text.DIO_unlockPin
                0x00000000       0x1c Include/MCAL/dio/dio.o
 .text          0x00000000        0x0 Include/MCAL/exti/exti.o
 .data          0x00000000        0x0 Include/MCAL/exti/exti.o
 .bss           0x00000000        0x0 Include/MCAL/exti/exti.o
 .text.EXTI_interruptDeInit
                0x00000000       0x2c Include/MCAL/exti/exti.o
 .text          0x00000000        0x0 Include/MCAL/gie/gie.o
 .data          0x00000000        0x0 Include/MCAL/gie/gie.o
 .bss           0x00000000        0x0 Include/MCAL/gie/gie.o
 .text.GIE_disableGeneralInterrupt
                0x00000000        0xa Include/MCAL/gie/gie.o
 .text          0x00000000        0x0 Include/MCAL/timer/timer.o
 .data          0x00000000        0x0 Include/MCAL/timer/timer.o
 .bss           0x00000000        0x0 Include/MCAL/timer/timer.o
 .text.TIMER_load
                0x00000000       0x4a Include/MCAL/timer/timer.o
 .text.TIMER_generateNonPwmSignal
                0x00000000       0x52 Include/MCAL/timer/timer.o
 .text.TIMER_generateFastPwmSignal
                0x00000000       0x52 Include/MCAL/timer/timer.o
 .text.TIMER_generatePhasePwmSignal
                0x00000000       0x52 Include/MCAL/timer/timer.o
 .text.TIMER_setICUEdge
                0x00000000       0x24 Include/MCAL/timer/timer.o
 .text.TIMER_getICU
                0x00000000       0x1e Include/MCAL/timer/timer.o
 .text.TIMER_measureSignal
                0x00000000      0x184 Include/MCAL/timer/timer.o
 .text          0x00000000        0x0 main.o
 .data          0x00000000        0x0 main.o
 .bss           0x00000000        0x0 main.o
 .text          0x00000000        0x0 c:/program files (x86)/atmel/studio/7.0/toolchain/avr8/avr8-gnu-toolchain/bin/../lib/gcc/avr/5.4.0/../../../../avr/lib/avr5\libm.a(divsf3.o)
 .data          0x00000000        0x0 c:/program files (x86)/atmel/studio/7.0/toolchain/avr8/avr8-gnu-toolchain/bin/../lib/gcc/avr/5.4.0/../../../../avr/lib/avr5\libm.a(divsf3.o)
 .bss           0x00000000        0x0 c:/program files (x86)/atmel/studio/7.0/toolchain/avr8/avr8-gnu-toolchain/bin/../lib/gcc/avr/5.4.0/../../../../avr/lib/avr5\libm.a(divsf3.o)
 .text.avr-libc.fplib
                0x00000000        0x8 c:/program files (x86)/atmel/studio/7.0/toolchain/avr8/avr8-gnu-toolchain/bin/../lib/gcc/avr/5.4.0/../../../../avr/lib/avr5\libm.a(divsf3.o)
 .text          0x00000000        0x0 c:/program files (x86)/atmel/studio/7.0/toolchain/avr8/avr8-gnu-toolchain/bin/../lib/gcc/avr/5.4.0/../../../../avr/lib/avr5\libm.a(divsf3x.o)
 .data          0x00000000        0x0 c:/program files (x86)/atmel/studio/7.0/toolchain/avr8/avr8-gnu-toolchain/bin/../lib/gcc/avr/5.4.0/../../../../avr/lib/avr5\libm.a(divsf3x.o)
 .bss           0x00000000        0x0 c:/program files (x86)/atmel/studio/7.0/toolchain/avr8/avr8-gnu-toolchain/bin/../lib/gcc/avr/5.4.0/../../../../avr/lib/avr5\libm.a(divsf3x.o)
 .text.avr-libc.fplib
                0x00000000       0xdc c:/program files (x86)/atmel/studio/7.0/toolchain/avr8/avr8-gnu-toolchain/bin/../lib/gcc/avr/5.4.0/../../../../avr/lib/avr5\libm.a(divsf3x.o)
 .text          0x00000000        0x0 c:/program files (x86)/atmel/studio/7.0/toolchain/avr8/avr8-gnu-toolchain/bin/../lib/gcc/avr/5.4.0/../../../../avr/lib/avr5\libm.a(fixunssfsi.o)
 .data          0x00000000        0x0 c:/program files (x86)/atmel/studio/7.0/toolchain/avr8/avr8-gnu-toolchain/bin/../lib/gcc/avr/5.4.0/../../../../avr/lib/avr5\libm.a(fixunssfsi.o)
 .bss           0x00000000        0x0 c:/program files (x86)/atmel/studio/7.0/toolchain/avr8/avr8-gnu-toolchain/bin/../lib/gcc/avr/5.4.0/../../../../avr/lib/avr5\libm.a(fixunssfsi.o)
 .text.avr-libc.fplib
                0x00000000       0x5e c:/program files (x86)/atmel/studio/7.0/toolchain/avr8/avr8-gnu-toolchain/bin/../lib/gcc/avr/5.4.0/../../../../avr/lib/avr5\libm.a(fixunssfsi.o)
 .text          0x00000000        0x0 c:/program files (x86)/atmel/studio/7.0/toolchain/avr8/avr8-gnu-toolchain/bin/../lib/gcc/avr/5.4.0/../../../../avr/lib/avr5\libm.a(floatsisf.o)
 .data          0x00000000        0x0 c:/program files (x86)/atmel/studio/7.0/toolchain/avr8/avr8-gnu-toolchain/bin/../lib/gcc/avr/5.4.0/../../../../avr/lib/avr5\libm.a(floatsisf.o)
 .bss           0x00000000        0x0 c:/program files (x86)/atmel/studio/7.0/toolchain/avr8/avr8-gnu-toolchain/bin/../lib/gcc/avr/5.4.0/../../../../avr/lib/avr5\libm.a(floatsisf.o)
 .text.avr-libc.fplib
                0x00000000       0x7a c:/program files (x86)/atmel/studio/7.0/toolchain/avr8/avr8-gnu-toolchain/bin/../lib/gcc/avr/5.4.0/../../../../avr/lib/avr5\libm.a(floatsisf.o)
 .text          0x00000000        0x0 c:/program files (x86)/atmel/studio/7.0/toolchain/avr8/avr8-gnu-toolchain/bin/../lib/gcc/avr/5.4.0/../../../../avr/lib/avr5\libm.a(fp_inf.o)
 .data          0x00000000        0x0 c:/program files (x86)/atmel/studio/7.0/toolchain/avr8/avr8-gnu-toolchain/bin/../lib/gcc/avr/5.4.0/../../../../avr/lib/avr5\libm.a(fp_inf.o)
 .bss           0x00000000        0x0 c:/program files (x86)/atmel/studio/7.0/toolchain/avr8/avr8-gnu-toolchain/bin/../lib/gcc/avr/5.4.0/../../../../avr/lib/avr5\libm.a(fp_inf.o)
 .text.avr-libc.fplib
                0x00000000        0xc c:/program files (x86)/atmel/studio/7.0/toolchain/avr8/avr8-gnu-toolchain/bin/../lib/gcc/avr/5.4.0/../../../../avr/lib/avr5\libm.a(fp_inf.o)
 .text          0x00000000        0x0 c:/program files (x86)/atmel/studio/7.0/toolchain/avr8/avr8-gnu-toolchain/bin/../lib/gcc/avr/5.4.0/../../../../avr/lib/avr5\libm.a(fp_nan.o)
 .data          0x00000000        0x0 c:/program files (x86)/atmel/studio/7.0/toolchain/avr8/avr8-gnu-toolchain/bin/../lib/gcc/avr/5.4.0/../../../../avr/lib/avr5\libm.a(fp_nan.o)
 .bss           0x00000000        0x0 c:/program files (x86)/atmel/studio/7.0/toolchain/avr8/avr8-gnu-toolchain/bin/../lib/gcc/avr/5.4.0/../../../../avr/lib/avr5\libm.a(fp_nan.o)
 .text.avr-libc.fplib
                0x00000000        0x6 c:/program files (x86)/atmel/studio/7.0/toolchain/avr8/avr8-gnu-toolchain/bin/../lib/gcc/avr/5.4.0/../../../../avr/lib/avr5\libm.a(fp_nan.o)
 .text          0x00000000        0x0 c:/program files (x86)/atmel/studio/7.0/toolchain/avr8/avr8-gnu-toolchain/bin/../lib/gcc/avr/5.4.0/../../../../avr/lib/avr5\libm.a(fp_pscA.o)
 .data          0x00000000        0x0 c:/program files (x86)/atmel/studio/7.0/toolchain/avr8/avr8-gnu-toolchain/bin/../lib/gcc/avr/5.4.0/../../../../avr/lib/avr5\libm.a(fp_pscA.o)
 .bss           0x00000000        0x0 c:/program files (x86)/atmel/studio/7.0/toolchain/avr8/avr8-gnu-toolchain/bin/../lib/gcc/avr/5.4.0/../../../../avr/lib/avr5\libm.a(fp_pscA.o)
 .text.avr-libc.fplib
                0x00000000        0xe c:/program files (x86)/atmel/studio/7.0/toolchain/avr8/avr8-gnu-toolchain/bin/../lib/gcc/avr/5.4.0/../../../../avr/lib/avr5\libm.a(fp_pscA.o)
 .text          0x00000000        0x0 c:/program files (x86)/atmel/studio/7.0/toolchain/avr8/avr8-gnu-toolchain/bin/../lib/gcc/avr/5.4.0/../../../../avr/lib/avr5\libm.a(fp_pscB.o)
 .data          0x00000000        0x0 c:/program files (x86)/atmel/studio/7.0/toolchain/avr8/avr8-gnu-toolchain/bin/../lib/gcc/avr/5.4.0/../../../../avr/lib/avr5\libm.a(fp_pscB.o)
 .bss           0x00000000        0x0 c:/program files (x86)/atmel/studio/7.0/toolchain/avr8/avr8-gnu-toolchain/bin/../lib/gcc/avr/5.4.0/../../../../avr/lib/avr5\libm.a(fp_pscB.o)
 .text.avr-libc.fplib
                0x00000000        0xe c:/program files (x86)/atmel/studio/7.0/toolchain/avr8/avr8-gnu-toolchain/bin/../lib/gcc/avr/5.4.0/../../../../avr/lib/avr5\libm.a(fp_pscB.o)
 .text          0x00000000        0x0 c:/program files (x86)/atmel/studio/7.0/toolchain/avr8/avr8-gnu-toolchain/bin/../lib/gcc/avr/5.4.0/../../../../avr/lib/avr5\libm.a(fp_round.o)
 .data          0x00000000        0x0 c:/program files (x86)/atmel/studio/7.0/toolchain/avr8/avr8-gnu-toolchain/bin/../lib/gcc/avr/5.4.0/../../../../avr/lib/avr5\libm.a(fp_round.o)
 .bss           0x00000000        0x0 c:/program files (x86)/atmel/studio/7.0/toolchain/avr8/avr8-gnu-toolchain/bin/../lib/gcc/avr/5.4.0/../../../../avr/lib/avr5\libm.a(fp_round.o)
 .text.avr-libc.fplib
                0x00000000       0x22 c:/program files (x86)/atmel/studio/7.0/toolchain/avr8/avr8-gnu-toolchain/bin/../lib/gcc/avr/5.4.0/../../../../avr/lib/avr5\libm.a(fp_round.o)
 .text          0x00000000        0x0 c:/program files (x86)/atmel/studio/7.0/toolchain/avr8/avr8-gnu-toolchain/bin/../lib/gcc/avr/5.4.0/../../../../avr/lib/avr5\libm.a(fp_split3.o)
 .data          0x00000000        0x0 c:/program files (x86)/atmel/studio/7.0/toolchain/avr8/avr8-gnu-toolchain/bin/../lib/gcc/avr/5.4.0/../../../../avr/lib/avr5\libm.a(fp_split3.o)
 .bss           0x00000000        0x0 c:/program files (x86)/atmel/studio/7.0/toolchain/avr8/avr8-gnu-toolchain/bin/../lib/gcc/avr/5.4.0/../../../../avr/lib/avr5\libm.a(fp_split3.o)
 .text.avr-libc.fplib
                0x00000000       0x44 c:/program files (x86)/atmel/studio/7.0/toolchain/avr8/avr8-gnu-toolchain/bin/../lib/gcc/avr/5.4.0/../../../../avr/lib/avr5\libm.a(fp_split3.o)
 .text          0x00000000        0x0 c:/program files (x86)/atmel/studio/7.0/toolchain/avr8/avr8-gnu-toolchain/bin/../lib/gcc/avr/5.4.0/../../../../avr/lib/avr5\libm.a(fp_zero.o)
 .data          0x00000000        0x0 c:/program files (x86)/atmel/studio/7.0/toolchain/avr8/avr8-gnu-toolchain/bin/../lib/gcc/avr/5.4.0/../../../../avr/lib/avr5\libm.a(fp_zero.o)
 .bss           0x00000000        0x0 c:/program files (x86)/atmel/studio/7.0/toolchain/avr8/avr8-gnu-toolchain/bin/../lib/gcc/avr/5.4.0/../../../../avr/lib/avr5\libm.a(fp_zero.o)
 .text.avr-libc.fplib
                0x00000000        0xe c:/program files (x86)/atmel/studio/7.0/toolchain/avr8/avr8-gnu-toolchain/bin/../lib/gcc/avr/5.4.0/../../../../avr/lib/avr5\libm.a(fp_zero.o)
 .text          0x00000000        0x0 c:/program files (x86)/atmel/studio/7.0/toolchain/avr8/avr8-gnu-toolchain/bin/../lib/gcc/avr/5.4.0/../../../../avr/lib/avr5\libm.a(mulsf3.o)
 .data          0x00000000        0x0 c:/program files (x86)/atmel/studio/7.0/toolchain/avr8/avr8-gnu-toolchain/bin/../lib/gcc/avr/5.4.0/../../../../avr/lib/avr5\libm.a(mulsf3.o)
 .bss           0x00000000        0x0 c:/program files (x86)/atmel/studio/7.0/toolchain/avr8/avr8-gnu-toolchain/bin/../lib/gcc/avr/5.4.0/../../../../avr/lib/avr5\libm.a(mulsf3.o)
 .text.avr-libc.fplib
                0x00000000        0x8 c:/program files (x86)/atmel/studio/7.0/toolchain/avr8/avr8-gnu-toolchain/bin/../lib/gcc/avr/5.4.0/../../../../avr/lib/avr5\libm.a(mulsf3.o)
 .text          0x00000000        0x0 c:/program files (x86)/atmel/studio/7.0/toolchain/avr8/avr8-gnu-toolchain/bin/../lib/gcc/avr/5.4.0/../../../../avr/lib/avr5\libm.a(mulsf3x.o)
 .data          0x00000000        0x0 c:/program files (x86)/atmel/studio/7.0/toolchain/avr8/avr8-gnu-toolchain/bin/../lib/gcc/avr/5.4.0/../../../../avr/lib/avr5\libm.a(mulsf3x.o)
 .bss           0x00000000        0x0 c:/program files (x86)/atmel/studio/7.0/toolchain/avr8/avr8-gnu-toolchain/bin/../lib/gcc/avr/5.4.0/../../../../avr/lib/avr5\libm.a(mulsf3x.o)
 .text.avr-libc.fplib
                0x00000000       0xd2 c:/program files (x86)/atmel/studio/7.0/toolchain/avr8/avr8-gnu-toolchain/bin/../lib/gcc/avr/5.4.0/../../../../avr/lib/avr5\libm.a(mulsf3x.o)
 .text          0x00000000        0x0 c:/program files (x86)/atmel/studio/7.0/toolchain/avr8/avr8-gnu-toolchain/bin/../lib/gcc/avr/5.4.0/avr5\libgcc.a(_exit.o)
 .data          0x00000000        0x0 c:/program files (x86)/atmel/studio/7.0/toolchain/avr8/avr8-gnu-toolchain/bin/../lib/gcc/avr/5.4.0/avr5\libgcc.a(_exit.o)
 .bss           0x00000000        0x0 c:/program files (x86)/atmel/studio/7.0/toolchain/avr8/avr8-gnu-toolchain/bin/../lib/gcc/avr/5.4.0/avr5\libgcc.a(_exit.o)
 .text.libgcc.mul
                0x00000000        0x0 c:/program files (x86)/atmel/studio/7.0/toolchain/avr8/avr8-gnu-toolchain/bin/../lib/gcc/avr/5.4.0/avr5\libgcc.a(_exit.o)
 .text.libgcc.div
                0x00000000        0x0 c:/program files (x86)/atmel/studio/7.0/toolchain/avr8/avr8-gnu-toolchain/bin/../lib/gcc/avr/5.4.0/avr5\libgcc.a(_exit.o)
 .text.libgcc   0x00000000        0x0 c:/program files (x86)/atmel/studio/7.0/toolchain/avr8/avr8-gnu-toolchain/bin/../lib/gcc/avr/5.4.0/avr5\libgcc.a(_exit.o)
 .text.libgcc.prologue
                0x00000000        0x0 c:/program files (x86)/atmel/studio/7.0/toolchain/avr8/avr8-gnu-toolchain/bin/../lib/gcc/avr/5.4.0/avr5\libgcc.a(_exit.o)
 .text.libgcc.builtins
                0x00000000        0x0 c:/program files (x86)/atmel/studio/7.0/toolchain/avr8/avr8-gnu-toolchain/bin/../lib/gcc/avr/5.4.0/avr5\libgcc.a(_exit.o)
 .text.libgcc.fmul
                0x00000000        0x0 c:/program files (x86)/atmel/studio/7.0/toolchain/avr8/avr8-gnu-toolchain/bin/../lib/gcc/avr/5.4.0/avr5\libgcc.a(_exit.o)
 .text.libgcc.fixed
                0x00000000        0x0 c:/program files (x86)/atmel/studio/7.0/toolchain/avr8/avr8-gnu-toolchain/bin/../lib/gcc/avr/5.4.0/avr5\libgcc.a(_exit.o)
 .text          0x00000000        0x0 c:/program files (x86)/atmel/studio/7.0/toolchain/avr8/avr8-gnu-toolchain/bin/../lib/gcc/avr/5.4.0/avr5\libgcc.a(_copy_data.o)
 .data          0x00000000        0x0 c:/program files (x86)/atmel/studio/7.0/toolchain/avr8/avr8-gnu-toolchain/bin/../lib/gcc/avr/5.4.0/avr5\libgcc.a(_copy_data.o)
 .bss           0x00000000        0x0 c:/program files (x86)/atmel/studio/7.0/toolchain/avr8/avr8-gnu-toolchain/bin/../lib/gcc/avr/5.4.0/avr5\libgcc.a(_copy_data.o)
 .text.libgcc.mul
                0x00000000        0x0 c:/program files (x86)/atmel/studio/7.0/toolchain/avr8/avr8-gnu-toolchain/bin/../lib/gcc/avr/5.4.0/avr5\libgcc.a(_copy_data.o)
 .text.libgcc.div
                0x00000000        0x0 c:/program files (x86)/atmel/studio/7.0/toolchain/avr8/avr8-gnu-toolchain/bin/../lib/gcc/avr/5.4.0/avr5\libgcc.a(_copy_data.o)
 .text.libgcc   0x00000000        0x0 c:/program files (x86)/atmel/studio/7.0/toolchain/avr8/avr8-gnu-toolchain/bin/../lib/gcc/avr/5.4.0/avr5\libgcc.a(_copy_data.o)
 .text.libgcc.prologue
                0x00000000        0x0 c:/program files (x86)/atmel/studio/7.0/toolchain/avr8/avr8-gnu-toolchain/bin/../lib/gcc/avr/5.4.0/avr5\libgcc.a(_copy_data.o)
 .text.libgcc.builtins
                0x00000000        0x0 c:/program files (x86)/atmel/studio/7.0/toolchain/avr8/avr8-gnu-toolchain/bin/../lib/gcc/avr/5.4.0/avr5\libgcc.a(_copy_data.o)
 .text.libgcc.fmul
                0x00000000        0x0 c:/program files (x86)/atmel/studio/7.0/toolchain/avr8/avr8-gnu-toolchain/bin/../lib/gcc/avr/5.4.0/avr5\libgcc.a(_copy_data.o)
 .text.libgcc.fixed
                0x00000000        0x0 c:/program files (x86)/atmel/studio/7.0/toolchain/avr8/avr8-gnu-toolchain/bin/../lib/gcc/avr/5.4.0/avr5\libgcc.a(_copy_data.o)
 .text          0x00000000        0x0 c:/program files (x86)/atmel/studio/7.0/toolchain/avr8/avr8-gnu-toolchain/bin/../lib/gcc/avr/5.4.0/avr5\libgcc.a(_clear_bss.o)
 .data          0x00000000        0x0 c:/program files (x86)/atmel/studio/7.0/toolchain/avr8/avr8-gnu-toolchain/bin/../lib/gcc/avr/5.4.0/avr5\libgcc.a(_clear_bss.o)
 .bss           0x00000000        0x0 c:/program files (x86)/atmel/studio/7.0/toolchain/avr8/avr8-gnu-toolchain/bin/../lib/gcc/avr/5.4.0/avr5\libgcc.a(_clear_bss.o)
 .text.libgcc.mul
                0x00000000        0x0 c:/program files (x86)/atmel/studio/7.0/toolchain/avr8/avr8-gnu-toolchain/bin/../lib/gcc/avr/5.4.0/avr5\libgcc.a(_clear_bss.o)
 .text.libgcc.div
                0x00000000        0x0 c:/program files (x86)/atmel/studio/7.0/toolchain/avr8/avr8-gnu-toolchain/bin/../lib/gcc/avr/5.4.0/avr5\libgcc.a(_clear_bss.o)
 .text.libgcc   0x00000000        0x0 c:/program files (x86)/atmel/studio/7.0/toolchain/avr8/avr8-gnu-toolchain/bin/../lib/gcc/avr/5.4.0/avr5\libgcc.a(_clear_bss.o)
 .text.libgcc.prologue
                0x00000000        0x0 c:/program files (x86)/atmel/studio/7.0/toolchain/avr8/avr8-gnu-toolchain/bin/../lib/gcc/avr/5.4.0/avr5\libgcc.a(_clear_bss.o)
 .text.libgcc.builtins
                0x00000000        0x0 c:/program files (x86)/atmel/studio/7.0/toolchain/avr8/avr8-gnu-toolchain/bin/../lib/gcc/avr/5.4.0/avr5\libgcc.a(_clear_bss.o)
 .text.libgcc.fmul
                0x00000000        0x0 c:/program files (x86)/atmel/studio/7.0/toolchain/avr8/avr8-gnu-toolchain/bin/../lib/gcc/avr/5.4.0/avr5\libgcc.a(_clear_bss.o)
 .text.libgcc.fixed
                0x00000000        0x0 c:/program files (x86)/atmel/studio/7.0/toolchain/avr8/avr8-gnu-toolchain/bin/../lib/gcc/avr/5.4.0/avr5\libgcc.a(_clear_bss.o)

Memory Configuration

Name             Origin             Length             Attributes
text             0x00000000         0x00008000         xr
data             0x00800060         0x00000800         rw !x
eeprom           0x00810000         0x00000400         rw !x
fuse             0x00820000         0x00000002         rw !x
lock             0x00830000         0x00000400         rw !x
signature        0x00840000         0x00000400         rw !x
user_signatures  0x00850000         0x00000400         rw !x
*default*        0x00000000         0xffffffff

Linker script and memory map

LOAD C:/Program Files (x86)/Atmel/Studio/7.0/Packs/atmel/ATmega_DFP/1.7.374/gcc/dev/atmega32/avr5/crtatmega32.o
LOAD Include/APP/app.o
LOAD Include/HAL/button/button.o
LOAD Include/HAL/led/led.o
LOAD Include/HAL/motor_driver/motor.o
LOAD Include/MCAL/dio/dio.o
LOAD Include/MCAL/exti/exti.o
LOAD Include/MCAL/gie/gie.o
LOAD Include/MCAL/timer/timer.o
LOAD main.o
START GROUP
LOAD c:/program files (x86)/atmel/studio/7.0/toolchain/avr8/avr8-gnu-toolchain/bin/../lib/gcc/avr/5.4.0/../../../../avr/lib/avr5\libm.a
END GROUP
START GROUP
LOAD c:/program files (x86)/atmel/studio/7.0/toolchain/avr8/avr8-gnu-toolchain/bin/../lib/gcc/avr/5.4.0/avr5\libgcc.a
LOAD c:/program files (x86)/atmel/studio/7.0/toolchain/avr8/avr8-gnu-toolchain/bin/../lib/gcc/avr/5.4.0/../../../../avr/lib/avr5\libm.a
LOAD c:/program files (x86)/atmel/studio/7.0/toolchain/avr8/avr8-gnu-toolchain/bin/../lib/gcc/avr/5.4.0/../../../../avr/lib/avr5\libc.a
LOAD C:/Program Files (x86)/Atmel/Studio/7.0/Packs/atmel/ATmega_DFP/1.7.374/gcc/dev/atmega32/avr5\libatmega32.a
END GROUP
                0x00000000                __TEXT_REGION_ORIGIN__ = DEFINED (__TEXT_REGION_ORIGIN__)?__TEXT_REGION_ORIGIN__:0x0
                [0x00800060]                __DATA_REGION_ORIGIN__ = DEFINED (__DATA_REGION_ORIGIN__)?__DATA_REGION_ORIGIN__:0x800060
                [0x00008000]                __TEXT_REGION_LENGTH__ = DEFINED (__TEXT_REGION_LENGTH__)?__TEXT_REGION_LENGTH__:0x20000
                [0x00000800]                __DATA_REGION_LENGTH__ = DEFINED (__DATA_REGION_LENGTH__)?__DATA_REGION_LENGTH__:0xffa0
                [0x00000400]                __EEPROM_REGION_LENGTH__ = DEFINED (__EEPROM_REGION_LENGTH__)?__EEPROM_REGION_LENGTH__:0x10000
                [0x00000002]                __FUSE_REGION_LENGTH__ = DEFINED (__FUSE_REGION_LENGTH__)?__FUSE_REGION_LENGTH__:0x400
                0x00000400                __LOCK_REGION_LENGTH__ = DEFINED (__LOCK_REGION_LENGTH__)?__LOCK_REGION_LENGTH__:0x400
                0x00000400                __SIGNATURE_REGION_LENGTH__ = DEFINED (__SIGNATURE_REGION_LENGTH__)?__SIGNATURE_REGION_LENGTH__:0x400
                0x00000400                __USER_SIGNATURE_REGION_LENGTH__ = DEFINED (__USER_SIGNATURE_REGION_LENGTH__)?__USER_SIGNATURE_REGION_LENGTH__:0x400

.hash
 *(.hash)

.dynsym
 *(.dynsym)

.dynstr
 *(.dynstr)

.gnu.version
 *(.gnu.version)

.gnu.version_d
 *(.gnu.version_d)

.gnu.version_r
 *(.gnu.version_r)

.rel.init
 *(.rel.init)

.rela.init
 *(.rela.init)

.rel.text
 *(.rel.text)
 *(.rel.text.*)
 *(.rel.gnu.linkonce.t*)

.rela.text
 *(.rela.text)
 *(.rela.text.*)
 *(.rela.gnu.linkonce.t*)

.rel.fini
 *(.rel.fini)

.rela.fini
 *(.rela.fini)

.rel.rodata
 *(.rel.rodata)
 *(.rel.rodata.*)
 *(.rel.gnu.linkonce.r*)

.rela.rodata
 *(.rela.rodata)
 *(.rela.rodata.*)
 *(.rela.gnu.linkonce.r*)

.rel.data
 *(.rel.data)
 *(.rel.data.*)
 *(.rel.gnu.linkonce.d*)

.rela.data
 *(.rela.data)
 *(.rela.data.*)
 *(.rela.gnu.linkonce.d*)

.rel.ctors
 *(.rel.ctors)

.rela.ctors
 *(.rela.ctors)

.rel.dtors
 *(.rel.dtors)

.rela.dtors
 *(.rela.dtors)

.rel.got
 *(.rel.got)

.rela.got
 *(.rela.got)

.rel.bss
 *(.rel.bss)

.rela.bss
 *(.rela.bss)

.rel.plt
 *(.rel.plt)

.rela.plt
 *(.rela.plt)

.text           0x00000000      0xe08
 *(.vectors)
 .vectors       0x00000000       0x54 C:/Program Files (x86)/Atmel/Studio/7.0/Packs/atmel/ATmega_DFP/1.7.374/gcc/dev/atmega32/avr5/crtatmega32.o
                0x00000000                __vector_default
                0x00000000                __vectors
 *(.vectors)
 *(.progmem.gcc*)
                0x00000054                . = ALIGN (0x2)
                0x00000054                __trampolines_start = .
 *(.trampolines)
 .trampolines   0x00000054        0x0 linker stubs
 *(.trampolines*)
                0x00000054                __trampolines_end = .
 *libprintf_flt.a:*(.progmem.data)
 *libc.a:*(.progmem.data)
 *(.progmem*)
                0x00000054                . = ALIGN (0x2)
 *(.jumptables)
 *(.jumptables*)
 *(.lowtext)
 *(.lowtext*)
                0x00000054                __ctors_start = .
 *(.ctors)
                0x00000054                __ctors_end = .
                0x00000054                __dtors_start = .
 *(.dtors)
                0x00000054                __dtors_end = .
 SORT(*)(.ctors)
 SORT(*)(.dtors)
 *(.init0)
 .init0         0x00000054        0x0 C:/Program Files (x86)/Atmel/Studio/7.0/Packs/atmel/ATmega_DFP/1.7.374/gcc/dev/atmega32/avr5/crtatmega32.o
                0x00000054                __init
 *(.init0)
 *(.init1)
 *(.init1)
 *(.init2)
 .init2         0x00000054        0xc C:/Program Files (x86)/Atmel/Studio/7.0/Packs/atmel/ATmega_DFP/1.7.374/gcc/dev/atmega32/avr5/crtatmega32.o
 *(.init2)
 *(.init3)
 *(.init3)
 *(.init4)
 .init4         0x00000060       0x16 c:/program files (x86)/atmel/studio/7.0/toolchain/avr8/avr8-gnu-toolchain/bin/../lib/gcc/avr/5.4.0/avr5\libgcc.a(_copy_data.o)
                0x00000060                __do_copy_data
 .init4         0x00000076       0x10 c:/program files (x86)/atmel/studio/7.0/toolchain/avr8/avr8-gnu-toolchain/bin/../lib/gcc/avr/5.4.0/avr5\libgcc.a(_clear_bss.o)
                0x00000076                __do_clear_bss
 *(.init4)
 *(.init5)
 *(.init5)
 *(.init6)
 *(.init6)
 *(.init7)
 *(.init7)
 *(.init8)
 *(.init8)
 *(.init9)
 .init9         0x00000086        0x8 C:/Program Files (x86)/Atmel/Studio/7.0/Packs/atmel/ATmega_DFP/1.7.374/gcc/dev/atmega32/avr5/crtatmega32.o
 *(.init9)
 *(.text)
 .text          0x0000008e        0x4 C:/Program Files (x86)/Atmel/Studio/7.0/Packs/atmel/ATmega_DFP/1.7.374/gcc/dev/atmega32/avr5/crtatmega32.o
                0x0000008e                __vector_12
                0x0000008e                __bad_interrupt
                0x0000008e                __vector_3
                0x0000008e                __vector_13
                0x0000008e                __vector_17
                0x0000008e                __vector_19
                0x0000008e                __vector_15
                0x0000008e                __vector_14
                0x0000008e                __vector_16
                0x0000008e                __vector_18
                0x0000008e                __vector_20
                0x00000092                . = ALIGN (0x2)
 *(.text.*)
 .text.APP_overflowRoutine
                0x00000092       0x7a Include/APP/app.o
                0x00000092                APP_overflowRoutine
 .text.APP_pwmRoutine
                0x0000010c       0x50 Include/APP/app.o
                0x0000010c                APP_pwmRoutine
 .text.APP_systemStart
                0x0000015c       0x58 Include/APP/app.o
                0x0000015c                APP_systemStart
 .text.APP_longestSide
                0x000001b4       0x38 Include/APP/app.o
                0x000001b4                APP_longestSide
 .text.APP_shortestSide
                0x000001ec       0x38 Include/APP/app.o
                0x000001ec                APP_shortestSide
 .text.APP_rotate
                0x00000224       0x32 Include/APP/app.o
                0x00000224                APP_rotate
 .text.APP_systemStop
                0x00000256       0x3e Include/APP/app.o
                0x00000256                APP_systemStop
 .text.APP_init
                0x00000294       0x88 Include/APP/app.o
                0x00000294                APP_init
 .text.APP_temporaryStop
                0x0000031c       0x2c Include/APP/app.o
                0x0000031c                APP_temporaryStop
 .text.LED_init
                0x00000348       0x56 Include/HAL/led/led.o
                0x00000348                LED_init
 .text.LED_on   0x0000039e       0x5c Include/HAL/led/led.o
                0x0000039e                LED_on
 .text.LED_off  0x000003fa       0x5a Include/HAL/led/led.o
                0x000003fa                LED_off
 .text.MOTOR_driverInitialize
                0x00000454       0x2e Include/HAL/motor_driver/motor.o
                0x00000454                MOTOR_driverInitialize
 .text.MOTOR_leftMotorForwardDirection
                0x00000482       0x1e Include/HAL/motor_driver/motor.o
                0x00000482                MOTOR_leftMotorForwardDirection
 .text.MOTOR_leftMotorBackwardDirection
                0x000004a0       0x18 Include/HAL/motor_driver/motor.o
                0x000004a0                MOTOR_leftMotorBackwardDirection
 .text.MOTOR_rightMotorForwardDirection
                0x000004b8       0x18 Include/HAL/motor_driver/motor.o
                0x000004b8                MOTOR_rightMotorForwardDirection
 .text.MOTOR_stopMotorDirection
                0x000004d0       0x2c Include/HAL/motor_driver/motor.o
                0x000004d0                MOTOR_stopMotorDirection
 .text.DIO_setPinDirection
                0x000004fc      0x14e Include/MCAL/dio/dio.o
                0x000004fc                DIO_setPinDirection
 .text.DIO_setPinStatus
                0x0000064a      0x1d0 Include/MCAL/dio/dio.o
                0x0000064a                DIO_setPinStatus
 .text.DIO_pinInitialize
                0x0000081a       0x34 Include/MCAL/dio/dio.o
                0x0000081a                DIO_pinInitialize
 .text.EXTI_interruptInit
                0x0000084e       0xf8 Include/MCAL/exti/exti.o
                0x0000084e                EXTI_interruptInit
 .text.__vector_1
                0x00000946       0x52 Include/MCAL/exti/exti.o
                0x00000946                __vector_1
 .text.__vector_2
                0x00000998       0x52 Include/MCAL/exti/exti.o
                0x00000998                __vector_2
 .text.GIE_enableGeneralInterrupt
                0x000009ea        0xa Include/MCAL/gie/gie.o
                0x000009ea                GIE_enableGeneralInterrupt
 .text.TIMER_init
                0x000009f4       0x2c Include/MCAL/timer/timer.o
                0x000009f4                TIMER_init
 .text.TIMER_start
                0x00000a20       0x3a Include/MCAL/timer/timer.o
                0x00000a20                TIMER_start
 .text.TIMER_stop
                0x00000a5a       0x3a Include/MCAL/timer/timer.o
                0x00000a5a                TIMER_stop
 .text.TIMER_read
                0x00000a94       0x54 Include/MCAL/timer/timer.o
                0x00000a94                TIMER_read
 .text.TIMER_preload
                0x00000ae8       0x2c Include/MCAL/timer/timer.o
                0x00000ae8                TIMER_preload
 .text.TIMER_setCallBack
                0x00000b14       0x26 Include/MCAL/timer/timer.o
                0x00000b14                TIMER_setCallBack
 .text.__vector_4
                0x00000b3a       0x52 Include/MCAL/timer/timer.o
                0x00000b3a                __vector_4
 .text.__vector_5
                0x00000b8c       0x52 Include/MCAL/timer/timer.o
                0x00000b8c                __vector_5
 .text.__vector_6
                0x00000bde       0x52 Include/MCAL/timer/timer.o
                0x00000bde                __vector_6
 .text.__vector_7
                0x00000c30       0x52 Include/MCAL/timer/timer.o
                0x00000c30                __vector_7
 .text.__vector_8
                0x00000c82       0x52 Include/MCAL/timer/timer.o
                0x00000c82                __vector_8
 .text.__vector_9
                0x00000cd4       0x52 Include/MCAL/timer/timer.o
                0x00000cd4                __vector_9
 .text.__vector_10
                0x00000d26       0x52 Include/MCAL/timer/timer.o
                0x00000d26                __vector_10
 .text.__vector_11
                0x00000d78       0x52 Include/MCAL/timer/timer.o
                0x00000d78                __vector_11
 .text.main     0x00000dca       0x3a main.o
                0x00000dca                main
                0x00000e04                . = ALIGN (0x2)
 *(.fini9)
 .fini9         0x00000e04        0x0 c:/program files (x86)/atmel/studio/7.0/toolchain/avr8/avr8-gnu-toolchain/bin/../lib/gcc/avr/5.4.0/avr5\libgcc.a(_exit.o)
                0x00000e04                _exit
                0x00000e04                exit
 *(.fini9)
 *(.fini8)
 *(.fini8)
 *(.fini7)
 *(.fini7)
 *(.fini6)
 *(.fini6)
 *(.fini5)
 *(.fini5)
 *(.fini4)
 *(.fini4)
 *(.fini3)
 *(.fini3)
 *(.fini2)
 *(.fini2)
 *(.fini1)
 *(.fini1)
 *(.fini0)
 .fini0         0x00000e04        0x4 c:/program files (x86)/atmel/studio/7.0/toolchain/avr8/avr8-gnu-toolchain/bin/../lib/gcc/avr/5.4.0/avr5\libgcc.a(_exit.o)
 *(.fini0)
                0x00000e08                _etext = .

.data           0x00800060       0x28 load address 0x00000e08
                0x00800060                PROVIDE (__data_start, .)
 *(.data)
 *(.data*)
 .data.st_g_stopInterrupt
                0x00800060        0x4 Include/APP/app.o
                0x00800060                st_g_stopInterrupt
 .data.st_g_startInterrupt
                0x00800064        0x4 Include/APP/app.o
                0x00800064                st_g_startInterrupt
 .data.st_g_rotateLed
                0x00800068        0x3 Include/APP/app.o
                0x00800068                st_g_rotateLed
 .data.st_g_stopLed
                0x0080006b        0x3 Include/APP/app.o
                0x0080006b                st_g_stopLed
 .data.st_g_shortSideLed
                0x0080006e        0x3 Include/APP/app.o
                0x0080006e                st_g_shortSideLed
 .data.st_g_longSideLed
                0x00800071        0x3 Include/APP/app.o
                0x00800071                st_g_longSideLed
 .data.st_g_pwmSignalPin
                0x00800074        0x1 Include/APP/app.o
                0x00800074                st_g_pwmSignalPin
 .data.st_g_systemSequence
                0x00800075        0xc Include/APP/app.o
                0x00800075                st_g_systemSequence
 .data.u8_g_pwmDutyCycle
                0x00800081        0x1 Include/APP/app.o
                0x00800081                u8_g_pwmDutyCycle
 .data.en_g_carStatus
                0x00800082        0x1 Include/APP/app.o
                0x00800082                en_g_carStatus
 .data.st_g_rightMotorDirectionControl
                0x00800083        0x2 Include/HAL/motor_driver/motor.o
                0x00800083                st_g_rightMotorDirectionControl
 .data.st_g_leftMotorDirectionControl
                0x00800085        0x2 Include/HAL/motor_driver/motor.o
                0x00800085                st_g_leftMotorDirectionControl
 *(.gnu.linkonce.d*)
 *(.rodata)
 *(.rodata*)
 *(.gnu.linkonce.r*)
                0x00800088                . = ALIGN (0x2)
 *fill*         0x00800087        0x1 
                0x00800088                _edata = .
                0x00800088                PROVIDE (__data_end, .)

.bss            0x00800088       0x1c
                0x00800088                PROVIDE (__bss_start, .)
 *(.bss)
 *(.bss*)
 .bss.u8_a_flag.1825
                0x00800088        0x1 Include/APP/app.o
 .bss.i8_gs_overFlowCounter.1822
                0x00800089        0x1 Include/APP/app.o
 .bss.u16_g_timerLastValue
                0x0080008a        0x2 Include/APP/app.o
                0x0080008a                u16_g_timerLastValue
 .bss.u8_g_halfSecondStop
                0x0080008c        0x1 Include/APP/app.o
                0x0080008c                u8_g_halfSecondStop
 .bss.u8_g_sequenceNumber
                0x0080008d        0x1 Include/APP/app.o
                0x0080008d                u8_g_sequenceNumber
 .bss.v_gs_ptrfuncInt1
                0x0080008e        0x2 Include/MCAL/exti/exti.o
 .bss.v_gs_ptrfuncInt0
                0x00800090        0x2 Include/MCAL/exti/exti.o
 .bss.v_g_callbackFunc
                0x00800092       0x10 Include/MCAL/timer/timer.o
                0x00800092                v_g_callbackFunc
 *(COMMON)
 COMMON         0x008000a2        0x2 Include/APP/app.o
                0x008000a2                st_g_currentLed
                0x008000a4                PROVIDE (__bss_end, .)
                0x00000e08                __data_load_start = LOADADDR (.data)
                0x00000e30                __data_load_end = (__data_load_start + SIZEOF (.data))

.noinit         0x008000a4        0x0
                [!provide]                PROVIDE (__noinit_start, .)
 *(.noinit*)
                [!provide]                PROVIDE (__noinit_end, .)
                0x008000a4                _end = .
                [!provide]                PROVIDE (__heap_start, .)

.eeprom         0x00810000        0x0
 *(.eeprom*)
                0x00810000                __eeprom_end = .

.fuse
 *(.fuse)
 *(.lfuse)
 *(.hfuse)
 *(.efuse)

.lock
 *(.lock*)

.signature
 *(.signature*)

.user_signatures
 *(.user_signatures*)

.stab
 *(.stab)

.stabstr
 *(.stabstr)

.stab.excl
 *(.stab.excl)

.stab.exclstr
 *(.stab.exclstr)

.stab.index
 *(.stab.index)

.stab.indexstr
 *(.stab.indexstr)

.comment        0x00000000       0x30
 *(.comment)
 .comment       0x00000000       0x30 Include/APP/app.o
                                 0x31 (size before relaxing)
 .comment       0x00000030       0x31 Include/HAL/led/led.o
 .comment       0x00000030       0x31 Include/HAL/motor_driver/motor.o
 .comment       0x00000030       0x31 Include/MCAL/dio/dio.o
 .comment       0x00000030       0x31 Include/MCAL/exti/exti.o
 .comment       0x00000030       0x31 Include/MCAL/gie/gie.o
 .comment       0x00000030       0x31 Include/MCAL/timer/timer.o
 .comment       0x00000030       0x31 main.o

.note.gnu.avr.deviceinfo
                0x00000000       0x3c
 .note.gnu.avr.deviceinfo
                0x00000000       0x3c C:/Program Files (x86)/Atmel/Studio/7.0/Packs/atmel/ATmega_DFP/1.7.374/gcc/dev/atmega32/avr5/crtatmega32.o

.note.gnu.build-id
 *(.note.gnu.build-id)

.debug
 *(.debug)

.line
 *(.line)

.debug_srcinfo
 *(.debug_srcinfo)

.debug_sfnames
 *(.debug_sfnames)

.debug_aranges  0x00000000      0x288
 *(.debug_aranges)
 .debug_aranges
                0x00000000       0x60 Include/APP/app.o
 .debug_aranges
                0x00000060       0x38 Include/HAL/led/led.o
 .debug_aranges
                0x00000098       0x48 Include/HAL/motor_driver/motor.o
 .debug_aranges
                0x000000e0       0x68 Include/MCAL/dio/dio.o
 .debug_aranges
                0x00000148       0x38 Include/MCAL/exti/exti.o
 .debug_aranges
                0x00000180       0x28 Include/MCAL/gie/gie.o
 .debug_aranges
                0x000001a8       0xc0 Include/MCAL/timer/timer.o
 .debug_aranges
                0x00000268       0x20 main.o

.debug_pubnames
 *(.debug_pubnames)

.debug_info     0x00000000     0x2710
 *(.debug_info .gnu.linkonce.wi.*)
 .debug_info    0x00000000      0x4e6 C:/Program Files (x86)/Atmel/Studio/7.0/Packs/atmel/ATmega_DFP/1.7.374/gcc/dev/atmega32/avr5/crtatmega32.o
 .debug_info    0x000004e6      0xa60 Include/APP/app.o
 .debug_info    0x00000f46      0x375 Include/HAL/led/led.o
 .debug_info    0x000012bb      0x4e7 Include/HAL/motor_driver/motor.o
 .debug_info    0x000017a2      0x4d5 Include/MCAL/dio/dio.o
 .debug_info    0x00001c77      0x228 Include/MCAL/exti/exti.o
 .debug_info    0x00001e9f       0xe2 Include/MCAL/gie/gie.o
 .debug_info    0x00001f81      0x5f5 Include/MCAL/timer/timer.o
 .debug_info    0x00002576      0x19a main.o

.debug_abbrev   0x00000000      0xe78
 *(.debug_abbrev)
 .debug_abbrev  0x00000000      0x4a3 C:/Program Files (x86)/Atmel/Studio/7.0/Packs/atmel/ATmega_DFP/1.7.374/gcc/dev/atmega32/avr5/crtatmega32.o
 .debug_abbrev  0x000004a3      0x1a8 Include/APP/app.o
 .debug_abbrev  0x0000064b      0x137 Include/HAL/led/led.o
 .debug_abbrev  0x00000782      0x120 Include/HAL/motor_driver/motor.o
 .debug_abbrev  0x000008a2      0x19c Include/MCAL/dio/dio.o
 .debug_abbrev  0x00000a3e      0x120 Include/MCAL/exti/exti.o
 .debug_abbrev  0x00000b5e       0x98 Include/MCAL/gie/gie.o
 .debug_abbrev  0x00000bf6      0x197 Include/MCAL/timer/timer.o
 .debug_abbrev  0x00000d8d       0xeb main.o

.debug_line     0x00000000     0x183f
 *(.debug_line .debug_line.* .debug_line_end)
 .debug_line    0x00000000      0x116 C:/Program Files (x86)/Atmel/Studio/7.0/Packs/atmel/ATmega_DFP/1.7.374/gcc/dev/atmega32/avr5/crtatmega32.o
 .debug_line    0x00000116      0x3d7 Include/APP/app.o
 .debug_line    0x000004ed      0x200 Include/HAL/led/led.o
 .debug_line    0x000006ed      0x19e Include/HAL/motor_driver/motor.o
 .debug_line    0x0000088b      0x531 Include/MCAL/dio/dio.o
 .debug_line    0x00000dbc      0x21d Include/MCAL/exti/exti.o
 .debug_line    0x00000fd9       0xa5 Include/MCAL/gie/gie.o
 .debug_line    0x0000107e      0x730 Include/MCAL/timer/timer.o
 .debug_line    0x000017ae       0x91 main.o

.debug_frame    0x00000000      0x834
 *(.debug_frame)
 .debug_frame   0x00000000       0xdc Include/APP/app.o
 .debug_frame   0x000000dc       0xc4 Include/HAL/led/led.o
 .debug_frame   0x000001a0       0x84 Include/HAL/motor_driver/motor.o
 .debug_frame   0x00000224       0xdc Include/MCAL/dio/dio.o
 .debug_frame   0x00000300       0xec Include/MCAL/exti/exti.o
 .debug_frame   0x000003ec       0x34 Include/MCAL/gie/gie.o
 .debug_frame   0x00000420      0x3f0 Include/MCAL/timer/timer.o
 .debug_frame   0x00000810       0x24 main.o

.debug_str      0x00000000      0xecd
 *(.debug_str)
 .debug_str     0x00000000      0x196 C:/Program Files (x86)/Atmel/Studio/7.0/Packs/atmel/ATmega_DFP/1.7.374/gcc/dev/atmega32/avr5/crtatmega32.o
 .debug_str     0x00000196      0x74f Include/APP/app.o
                                0x760 (size before relaxing)
 .debug_str     0x000008e5       0xc7 Include/HAL/led/led.o
                                0x2ef (size before relaxing)
 .debug_str     0x000009ac      0x11f Include/HAL/motor_driver/motor.o
                                0x407 (size before relaxing)
 .debug_str     0x00000acb      0x104 Include/MCAL/dio/dio.o
                                0x3b0 (size before relaxing)
 .debug_str     0x00000bcf       0xba Include/MCAL/exti/exti.o
                                0x357 (size before relaxing)
 .debug_str     0x00000c89       0x58 Include/MCAL/gie/gie.o
                                0x1ee (size before relaxing)
 .debug_str     0x00000ce1      0x1db Include/MCAL/timer/timer.o
                                0x3ad (size before relaxing)
 .debug_str     0x00000ebc       0x11 main.o
                                0x26f (size before relaxing)

.debug_loc      0x00000000     0x22ea
 *(.debug_loc)
 .debug_loc     0x00000000      0x25f Include/APP/app.o
 .debug_loc     0x0000025f      0x3b4 Include/HAL/led/led.o
 .debug_loc     0x00000613       0xce Include/HAL/motor_driver/motor.o
 .debug_loc     0x000006e1      0x8f7 Include/MCAL/dio/dio.o
 .debug_loc     0x00000fd8      0x307 Include/MCAL/exti/exti.o
 .debug_loc     0x000012df     0x100b Include/MCAL/timer/timer.o

.debug_macinfo
 *(.debug_macinfo)

.debug_weaknames
 *(.debug_weaknames)

.debug_funcnames
 *(.debug_funcnames)

.debug_typenames
 *(.debug_typenames)

.debug_varnames
 *(.debug_varnames)

.debug_pubtypes
 *(.debug_pubtypes)

.debug_ranges   0x00000000      0x228
 *(.debug_ranges)
 .debug_ranges  0x00000000       0x50 Include/APP/app.o
 .debug_ranges  0x00000050       0x28 Include/HAL/led/led.o
 .debug_ranges  0x00000078       0x38 Include/HAL/motor_driver/motor.o
 .debug_ranges  0x000000b0       0x58 Include/MCAL/dio/dio.o
 .debug_ranges  0x00000108       0x28 Include/MCAL/exti/exti.o
 .debug_ranges  0x00000130       0x18 Include/MCAL/gie/gie.o
 .debug_ranges  0x00000148       0xd0 Include/MCAL/timer/timer.o
 .debug_ranges  0x00000218       0x10 main.o

.debug_macro
 *(.debug_macro)
OUTPUT(4WD-Car-Sprints.elf elf32-avr)
LOAD linker stubs
